// Jest Snapshot v1, https://goo.gl/fbAQLP

exports[`renders correctly 1`] = `
<div>
  <h3>
    Spaghetti with vodka
  </h3>
  <div>
    Cook spaghetti in boiled water and serve with ketchup.
  </div>
  <ul>
    <li>
      Spaghetti
    </li>
    <li>
      Ketchup
    </li>
  </ul>
</div>
`;
